../Core/Src/main.c:29:5:main	120	static
../Core/Src/main.c:86:5:i2c_write	24	static
../Core/Src/main.c:110:6:serial_print_msg	16	static
../Core/Src/main.c:114:6:serial_print_num	120	static
../Core/Src/main.c:120:6:SystemClock_Config	88	static
../Core/Src/main.c:168:13:MX_I2C1_Init	8	static
../Core/Src/main.c:240:13:MX_USART2_UART_Init	8	static
../Core/Src/main.c:273:13:MX_USB_PCD_Init	8	static
../Core/Src/main.c:304:13:MX_GPIO_Init	40	static
../Core/Src/main.c:373:6:Error_Handler	4	static,ignoring_inline_asm
